Change Component Designator: OldDesignator=3V3 NewDesignator=1
Change Component Designator: OldDesignator=3V3P NewDesignator=5
Change Component Designator: OldDesignator=3V3S NewDesignator=3
Change Component Designator: OldDesignator=5V NewDesignator=2
Change Component Designator: OldDesignator=5VP NewDesignator=6
Change Component Designator: OldDesignator=5VS NewDesignator=4
Change Component Designator: OldDesignator=C1 NewDesignator=C22
Change Component Designator: OldDesignator=C2 NewDesignator=C31
Change Component Designator: OldDesignator=C3 NewDesignator=C44
Change Component Designator: OldDesignator=C4 NewDesignator=C47
Change Component Designator: OldDesignator=C5 NewDesignator=C13
Change Component Designator: OldDesignator=C6 NewDesignator=C16
Change Component Designator: OldDesignator=C7 NewDesignator=C14
Change Component Designator: OldDesignator=C8 NewDesignator=C15
Change Component Designator: OldDesignator=C10 NewDesignator=C17
Change Component Designator: OldDesignator=C11 NewDesignator=C20
Change Component Designator: OldDesignator=C12 NewDesignator=C19
Change Component Designator: OldDesignator=C19 NewDesignator=C18
Change Component Designator: OldDesignator=C21 NewDesignator=C5
Change Component Designator: OldDesignator=C23 NewDesignator=C8
Change Component Designator: OldDesignator=C24 NewDesignator=C7
Change Component Designator: OldDesignator=C25 NewDesignator=C6
Change Component Designator: OldDesignator=C26 NewDesignator=C9
Change Component Designator: OldDesignator=C27 NewDesignator=C10
Change Component Designator: OldDesignator=C28 NewDesignator=C12
Change Component Designator: OldDesignator=C29 NewDesignator=C11
Change Component Designator: OldDesignator=C75 NewDesignator=C21
Change Component Designator: OldDesignator=C76 NewDesignator=C23
Change Component Designator: OldDesignator=C77 NewDesignator=C43
Change Component Designator: OldDesignator=C78 NewDesignator=C39
Change Component Designator: OldDesignator=C79 NewDesignator=C38
Change Component Designator: OldDesignator=C80 NewDesignator=C41
Change Component Designator: OldDesignator=C81 NewDesignator=C37
Change Component Designator: OldDesignator=C82 NewDesignator=C36
Change Component Designator: OldDesignator=C83 NewDesignator=C32
Change Component Designator: OldDesignator=C84 NewDesignator=C26
Change Component Designator: OldDesignator=C85 NewDesignator=C25
Change Component Designator: OldDesignator=C86 NewDesignator=C29
Change Component Designator: OldDesignator=C87 NewDesignator=C27
Change Component Designator: OldDesignator=C88 NewDesignator=C24
Change Component Designator: OldDesignator=C89 NewDesignator=C53
Change Component Designator: OldDesignator=C90 NewDesignator=C50
Change Component Designator: OldDesignator=C91 NewDesignator=C49
Change Component Designator: OldDesignator=C92 NewDesignator=C48
Change Component Designator: OldDesignator=C93 NewDesignator=C52
Change Component Designator: OldDesignator=C94 NewDesignator=C51
Change Component Designator: OldDesignator=C95 NewDesignator=C4
Change Component Designator: OldDesignator=C96 NewDesignator=C3
Change Component Designator: OldDesignator=C97 NewDesignator=C2
Change Component Designator: OldDesignator=C98 NewDesignator=C1
Change Component Designator: OldDesignator=C99 NewDesignator=C35
Change Component Designator: OldDesignator=C100 NewDesignator=C30
Change Component Designator: OldDesignator=C101 NewDesignator=C42
Change Component Designator: OldDesignator=C102 NewDesignator=C46
Change Component Designator: OldDesignator=C103 NewDesignator=C40
Change Component Designator: OldDesignator=C104 NewDesignator=C45
Change Component Designator: OldDesignator=C120 NewDesignator=C28
Change Component Designator: OldDesignator=C121 NewDesignator=C34
Change Component Designator: OldDesignator=C122 NewDesignator=C33
Change Component Designator: OldDesignator=Cc1 NewDesignator=Cc2
Change Component Designator: OldDesignator=Cc NewDesignator=Cc1
Change Component Designator: OldDesignator=Cin NewDesignator=Cin2
Change Component Designator: OldDesignator=Cout1 NewDesignator=Cout2
Change Component Designator: OldDesignator=Cout NewDesignator=Cout1
Change Component Designator: OldDesignator=D1 NewDesignator=D13
Change Component Designator: OldDesignator=D2 NewDesignator=D14
Change Component Designator: OldDesignator=D3 NewDesignator=D16
Change Component Designator: OldDesignator=D4 NewDesignator=D17
Change Component Designator: OldDesignator=D5 NewDesignator=D3
Change Component Designator: OldDesignator=D6 NewDesignator=D4
Change Component Designator: OldDesignator=D7 NewDesignator=D8
Change Component Designator: OldDesignator=D8 NewDesignator=D11
Change Component Designator: OldDesignator=D11 NewDesignator=D20
Change Component Designator: OldDesignator=D12 NewDesignator=D19
Change Component Designator: OldDesignator=D38 NewDesignator=D1
Change Component Designator: OldDesignator=D41 NewDesignator=D2
Change Component Designator: OldDesignator=D47 NewDesignator=D7
Change Component Designator: OldDesignator=D50 NewDesignator=D6
Change Component Designator: OldDesignator=D52 NewDesignator=D15
Change Component Designator: OldDesignator=D53 NewDesignator=D18
Change Component Designator: OldDesignator=D54 NewDesignator=D5
Change Component Designator: OldDesignator=D55 NewDesignator=D12
Change Component Designator: OldDesignator=D56 NewDesignator=D24
Change Component Designator: OldDesignator=D57 NewDesignator=D23
Change Component Designator: OldDesignator=D58 NewDesignator=D21
Change Component Designator: OldDesignator=D59 NewDesignator=D22
Change Component Designator: OldDesignator=D60 NewDesignator=D26
Change Component Designator: OldDesignator=D61 NewDesignator=D25
Change Component Designator: OldDesignator=D63 NewDesignator=D9
Change Component Designator: OldDesignator=D64 NewDesignator=D10
Change Component Designator: OldDesignator=D? NewDesignator=D?1
Change Component Designator: OldDesignator=GND NewDesignator=GND1
Change Component Designator: OldDesignator=J5 NewDesignator=J1
Change Component Designator: OldDesignator=J5 NewDesignator=J1
Change Component Designator: OldDesignator=L1 NewDesignator=L3
Change Component Designator: OldDesignator=L2 NewDesignator=L4
Change Component Designator: OldDesignator=L3 NewDesignator=L1
Change Component Designator: OldDesignator=L4 NewDesignator=L2
Change Component Designator: OldDesignator=L11 NewDesignator=L6
Change Component Designator: OldDesignator=L12 NewDesignator=L5
Change Component Designator: OldDesignator=LED1 NewDesignator=LED4
Change Component Designator: OldDesignator=LED2 NewDesignator=LED1
Change Component Designator: OldDesignator=LED3 NewDesignator=LED5
Change Component Designator: OldDesignator=LED4 NewDesignator=LED2
Change Component Designator: OldDesignator=LED5 NewDesignator=LED6
Change Component Designator: OldDesignator=LED6 NewDesignator=LED3
Change Component Designator: OldDesignator=Q13 NewDesignator=Q7
Change Component Designator: OldDesignator=Q14 NewDesignator=Q9
Change Component Designator: OldDesignator=Q15 NewDesignator=Q6
Change Component Designator: OldDesignator=Q16 NewDesignator=Q8
Change Component Designator: OldDesignator=Q17 NewDesignator=Q2
Change Component Designator: OldDesignator=Q18 NewDesignator=Q5
Change Component Designator: OldDesignator=Q19 NewDesignator=Q1
Change Component Designator: OldDesignator=Q20 NewDesignator=Q3
Change Component Designator: OldDesignator=Q20 NewDesignator=Q4
Change Component Designator: OldDesignator=Q21 NewDesignator=Q12
Change Component Designator: OldDesignator=Q22 NewDesignator=Q13
Change Component Designator: OldDesignator=Q23 NewDesignator=Q11
Change Component Designator: OldDesignator=Q24 NewDesignator=Q10
Change Component Designator: OldDesignator=Q? NewDesignator=Q?1
Change Component Designator: OldDesignator=R9 NewDesignator=R7
Change Component Designator: OldDesignator=R11 NewDesignator=R8
Change Component Designator: OldDesignator=R12 NewDesignator=R9
Change Component Designator: OldDesignator=R26 NewDesignator=R10
Change Component Designator: OldDesignator=R28 NewDesignator=R3
Change Component Designator: OldDesignator=R29 NewDesignator=R4
Change Component Designator: OldDesignator=R34 NewDesignator=R5
Change Component Designator: OldDesignator=R40 NewDesignator=R36
Change Component Designator: OldDesignator=R41 NewDesignator=R22
Change Component Designator: OldDesignator=R44 NewDesignator=R6
Change Component Designator: OldDesignator=R80 NewDesignator=R57
Change Component Designator: OldDesignator=R81 NewDesignator=R56
Change Component Designator: OldDesignator=R82 NewDesignator=R59
Change Component Designator: OldDesignator=R83 NewDesignator=R58
Change Component Designator: OldDesignator=R84 NewDesignator=R51
Change Component Designator: OldDesignator=R85 NewDesignator=R60
Change Component Designator: OldDesignator=R86 NewDesignator=R50
Change Component Designator: OldDesignator=R87 NewDesignator=R49
Change Component Designator: OldDesignator=R88 NewDesignator=R43
Change Component Designator: OldDesignator=R89 NewDesignator=R44
Change Component Designator: OldDesignator=R90 NewDesignator=R52
Change Component Designator: OldDesignator=R91 NewDesignator=R54
Change Component Designator: OldDesignator=R92 NewDesignator=R53
Change Component Designator: OldDesignator=R93 NewDesignator=R55
Change Component Designator: OldDesignator=R94 NewDesignator=R47
Change Component Designator: OldDesignator=R95 NewDesignator=R45
Change Component Designator: OldDesignator=R96 NewDesignator=R46
Change Component Designator: OldDesignator=R97 NewDesignator=R41
Change Component Designator: OldDesignator=R98 NewDesignator=R42
Change Component Designator: OldDesignator=R99 NewDesignator=R27
Change Component Designator: OldDesignator=R100 NewDesignator=R30
Change Component Designator: OldDesignator=R101 NewDesignator=R32
Change Component Designator: OldDesignator=R102 NewDesignator=R34
Change Component Designator: OldDesignator=R103 NewDesignator=R24
Change Component Designator: OldDesignator=R104 NewDesignator=R17
Change Component Designator: OldDesignator=R105 NewDesignator=R18
Change Component Designator: OldDesignator=R106 NewDesignator=R11
Change Component Designator: OldDesignator=R107 NewDesignator=R12
Change Component Designator: OldDesignator=R108 NewDesignator=R19
Change Component Designator: OldDesignator=R109 NewDesignator=R29
Change Component Designator: OldDesignator=R110 NewDesignator=R33
Change Component Designator: OldDesignator=R111 NewDesignator=R31
Change Component Designator: OldDesignator=R112 NewDesignator=R26
Change Component Designator: OldDesignator=R113 NewDesignator=R20
Change Component Designator: OldDesignator=R114 NewDesignator=R21
Change Component Designator: OldDesignator=R115 NewDesignator=R13
Change Component Designator: OldDesignator=R116 NewDesignator=R14
Change Component Designator: OldDesignator=R117 NewDesignator=R71
Change Component Designator: OldDesignator=R118 NewDesignator=R74
Change Component Designator: OldDesignator=R119 NewDesignator=R77
Change Component Designator: OldDesignator=R120 NewDesignator=R78
Change Component Designator: OldDesignator=R121 NewDesignator=R69
Change Component Designator: OldDesignator=R122 NewDesignator=R66
Change Component Designator: OldDesignator=R123 NewDesignator=R67
Change Component Designator: OldDesignator=R124 NewDesignator=R61
Change Component Designator: OldDesignator=R125 NewDesignator=R62
Change Component Designator: OldDesignator=R126 NewDesignator=R68
Change Component Designator: OldDesignator=R127 NewDesignator=R65
Change Component Designator: OldDesignator=R128 NewDesignator=R63
Change Component Designator: OldDesignator=R129 NewDesignator=R64
Change Component Designator: OldDesignator=R130 NewDesignator=R70
Change Component Designator: OldDesignator=R131 NewDesignator=R73
Change Component Designator: OldDesignator=R132 NewDesignator=R72
Change Component Designator: OldDesignator=R133 NewDesignator=R76
Change Component Designator: OldDesignator=R134 NewDesignator=R75
Change Component Designator: OldDesignator=R135 NewDesignator=R2
Change Component Designator: OldDesignator=R136 NewDesignator=R1
Change Component Designator: OldDesignator=R137 NewDesignator=R38
Change Component Designator: OldDesignator=R138 NewDesignator=R48
Change Component Designator: OldDesignator=R150 NewDesignator=R28
Change Component Designator: OldDesignator=R151 NewDesignator=R37
Change Component Designator: OldDesignator=R152 NewDesignator=R35
Change Component Designator: OldDesignator=R153 NewDesignator=R39
Change Component Designator: OldDesignator=R154 NewDesignator=R40
Change Component Designator: OldDesignator=R155 NewDesignator=R23
Change Component Designator: OldDesignator=R156 NewDesignator=R25
Change Component Designator: OldDesignator=R157 NewDesignator=R16
Change Component Designator: OldDesignator=R158 NewDesignator=R15
Change Component Designator: OldDesignator=Rc1 NewDesignator=Rc2
Change Component Designator: OldDesignator=Rc NewDesignator=Rc1
Change Component Designator: OldDesignator=RFB11 NewDesignator=RFB4
Change Component Designator: OldDesignator=RFB21 NewDesignator=RFB3
Change Component Designator: OldDesignator=RLED1 NewDesignator=RLED3
Change Component Designator: OldDesignator=RLED2 NewDesignator=RLED6
Change Component Designator: OldDesignator=RLED3 NewDesignator=RLED2
Change Component Designator: OldDesignator=RLED4 NewDesignator=RLED5
Change Component Designator: OldDesignator=RLED5 NewDesignator=RLED1
Change Component Designator: OldDesignator=RLED6 NewDesignator=RLED4
Change Component Designator: OldDesignator=SW1 NewDesignator=SW2
Change Component Designator: OldDesignator=SW2 NewDesignator=SW1
Change Component Designator: OldDesignator=U1 NewDesignator=U6
Change Component Designator: OldDesignator=U1 NewDesignator=U6
Change Component Designator: OldDesignator=U2 NewDesignator=U8
Change Component Designator: OldDesignator=U3 NewDesignator=U9
Change Component Designator: OldDesignator=U7 NewDesignator=U5
Change Component Designator: OldDesignator=U8 NewDesignator=U7
Change Component Designator: OldDesignator=U18 NewDesignator=U17
Change Component Designator: OldDesignator=U22 NewDesignator=U25
Change Component Designator: OldDesignator=U23 NewDesignator=U20
Change Component Designator: OldDesignator=U25 NewDesignator=U19
Change Component Designator: OldDesignator=U26 NewDesignator=U16
Change Component Designator: OldDesignator=U27 NewDesignator=U14
Change Component Designator: OldDesignator=U28 NewDesignator=U15
Change Component Designator: OldDesignator=U29 NewDesignator=U12
Change Component Designator: OldDesignator=U30 NewDesignator=U29
Change Component Designator: OldDesignator=U31 NewDesignator=U27
Change Component Designator: OldDesignator=U32 NewDesignator=U28
Change Component Designator: OldDesignator=U33 NewDesignator=U30
Change Component Designator: OldDesignator=U34 NewDesignator=U3
Change Component Designator: OldDesignator=U35 NewDesignator=U1
Change Component Designator: OldDesignator=U36 NewDesignator=U4
Change Component Designator: OldDesignator=U36 NewDesignator=U4
Change Component Designator: OldDesignator=U37 NewDesignator=U2
Change Component Designator: OldDesignator=U37 NewDesignator=U2
Change Component Designator: OldDesignator=U38 NewDesignator=U22
Change Component Designator: OldDesignator=U39 NewDesignator=U21
Change Component Designator: OldDesignator=U40 NewDesignator=U23
Change Component Designator: OldDesignator=U41 NewDesignator=U26
Change Component Designator: OldDesignator=U50 NewDesignator=U11
Change Component Designator: OldDesignator=U51 NewDesignator=U10
Change Component Designator: OldDesignator=U60 NewDesignator=U18
Change Component Designator: OldDesignator=U61 NewDesignator=U13
Change Component Designator: OldDesignator=VBATT NewDesignator=VBATT1
Change Component Designator: OldDesignator=VBATTP NewDesignator=VBATTP1
Change Component Designator: OldDesignator=VBATTS NewDesignator=VBATTS1
