Remove Pin=3V3-1 From Net=3V3
Remove Pin=3V3P-1 From Net=3V3_Primary
Remove Pin=3V3S-1 From Net=3V3_Secondary
Remove Pin=5V-1 From Net=5V
Remove Pin=5VP-1 From Net=5V_Primary
Remove Pin=5VS-1 From Net=5V_Secondary
Remove Pin=C2-1 From Net=3V3_Primary
Remove Pin=C3-1 From Net=5V_Primary
Remove Pin=C4-1 From Net=VBatt_Primary
Remove Pin=C100-1 From Net=3V3_Secondary
Remove Pin=C101-1 From Net=5V_Secondary
Remove Pin=C102-1 From Net=VBatt_Secondary
Remove Pin=D38-1 From Net=PC14OSC32_OUT
Remove Pin=D41-1 From Net=PC14OSC32_IN
Remove Pin=D47-1 From Net=TEMP_TELEM
Remove Pin=D50-1 From Net=TEMP_TELEM_2
Remove Pin=D63-1 From Net=5V_EnablePWD
Remove Pin=D63-2 From Net=5V_stmEnableP1
Remove Pin=D64-1 From Net=5V_EnablePWD
Remove Pin=D64-2 From Net=5V_stmEnableP2
Remove Pin=J5A-1 From Net=SWDIO
Remove Pin=J5B-2 From Net=NRST
Remove Pin=J5A-5 From Net=SWCLK
Remove Pin=J5A-7 From Net=3V3_Primary
Remove Pin=J5B-8 From Net=3V3_Primary
Remove Pin=P1-2 From Net=Boot0
Remove Pin=P1-3 From Net=3V3_Secondary
Remove Pin=R40-1 From Net=B.5
Remove Pin=R135-1 From Net=3V3
Remove Pin=R136-1 From Net=3V3
Remove Pin=RLED1-2 From Net=3V3_Primary
Remove Pin=RLED2-2 From Net=3V3_Secondary
Remove Pin=RLED3-2 From Net=5V_Primary
Remove Pin=RLED4-2 From Net=5V_Secondary
Remove Pin=RLED5-2 From Net=VBatt_Primary
Remove Pin=RLED6-2 From Net=VBatt_Secondary
Remove Pin=U1A-3 From Net=PC14OSC32_IN
Remove Pin=U1A-4 From Net=PC14OSC32_OUT
Remove Pin=U1A-7 From Net=NRST
Remove Pin=U1A-15 From Net=BWE0
Remove Pin=U1A-16 From Net=3V3_stmDisableP
Remove Pin=U1A-17 From Net=3V3_stmDisableS
Remove Pin=U1A-20 From Net=STM_HB
Remove Pin=U1A-21 From Net=5V_stmDisableS
Remove Pin=U1A-22 From Net=VBatt_EnableP
Remove Pin=U1A-23 From Net=VBatt_stmDisableS
Remove Pin=U1A-25 From Net=5V_stmEnableP1
Remove Pin=U1A-26 From Net=B.5_VD
Remove Pin=U1A-27 From Net=TEMP_TELEM
Remove Pin=U1A-29 From Net=5V_stmEnableP2
Remove Pin=U1A-33 From Net=TEMP_TELEM_2
Remove Pin=U1A-37 From Net=OBC_WD
Remove Pin=U1A-38 From Net=OBC_RST
Remove Pin=U1A-39 From Net=StartupWrite
Remove Pin=U1A-40 From Net=StartupRead
Remove Pin=U1A-41 From Net=STM_SCL
Remove Pin=U1A-42 From Net=STM_SDA
Remove Pin=U1A-43 From Net=I2CFault
Remove Pin=U1A-46 From Net=SWDIO
Remove Pin=U1A-49 From Net=SWCLK
Remove Pin=U1A-51 From Net=UART_TX
Remove Pin=U1A-52 From Net=UART_RX
Remove Pin=U1A-58 From Net=TX_Enable
Remove Pin=U1A-60 From Net=Boot0
Remove Pin=U25-7 From Net=3V3
Remove Pin=U27-7 From Net=SDA
Remove Pin=U29-7 From Net=SCL
Remove Pin=U31-8 From Net=3V3
Remove Pin=U33-7 From Net=3V3
Remove Pin=U33-8 From Net=3V3
Remove Pin=U34-6 From Net=OBC_HB
Remove Pin=U34-8 From Net=3V3
Remove Pin=U35-6 From Net=STM_HB
Remove Pin=U35-8 From Net=3V3
Remove Pin=U36A-1 From Net=5V_EnablePWD
Remove Pin=U36A-4 From Net=5V_EnableP
Remove Pin=U36B-5 From Net=3V3
Remove Pin=U37A-1 From Net=3V3_EnablePWD
Remove Pin=U37A-4 From Net=3V3_EnableP
Remove Pin=U37B-5 From Net=3V3
Remove Pin=U38-2 From Net=SCL
Remove Pin=U38-3 From Net=STM_SCL
Remove Pin=U38-7 From Net=I2CFault
Remove Pin=U38-8 From Net=STM_SDA
Remove Pin=U38-9 From Net=SDA
Remove Pin=U39-1 From Net=3V3_stmDisableP
Remove Pin=U39-2 From Net=3V3_EnablePWD
Remove Pin=U39-3 From Net=3V3_stmDisableS
Remove Pin=U39-4 From Net=3V3_EnableS
Remove Pin=U39-5 From Net=5V_stmDisableS
Remove Pin=U39-6 From Net=5V_EnableS
Remove Pin=U39-10 From Net=VBatt_EnableS
Remove Pin=U39-11 From Net=VBatt_stmDisableS
Remove Pin=U39-14 From Net=3V3
Remove Pin=U40-1 From Net=StartupWrite
Remove Pin=U40-3 From Net=3V3_Secondary
Remove Pin=U40-4 From Net=StartupRead
Remove Pin=U40-5 From Net=3V3
Remove Pin=VBATT-1 From Net=VBATT
Remove Pin=VBATTP-1 From Net=VBatt_Primary
Remove Pin=VBATTS-1 From Net=VBatt_Secondary
