Added Member To Class: ClassName=PC104 Member=Component 3V3P HSMS-C150
Added Member To Class: ClassName=PC104 Member=Component 3V3P TPAD6R
Added Member To Class: ClassName=PC104 Member=Component 3V3S HSMS-C150
Added Member To Class: ClassName=PC104 Member=Component 3V3S TPAD6R
Added Member To Class: ClassName=PC104 Member=Component 3V3 TPAD6R
Added Member To Class: ClassName=PC104 Member=Component 5VP TPAD6R
Added Member To Class: ClassName=PC104 Member=Component 5VP HSMS-C150
Added Member To Class: ClassName=PC104 Member=Component 5VS TPAD6R
Added Member To Class: ClassName=PC104 Member=Component 5VS HSMS-C150
Added Member To Class: ClassName=PC104 Member=Component 5V TPAD6R
Added Member To Class: ClassName=PC104 Member=Component C1 0.1uF
Added Member To Class: ClassName=STM32 Member=Component C2 0.1uF
Added Member To Class: ClassName=STM32 Member=Component C3 0.1uF
Added Member To Class: ClassName=STM32 Member=Component C4 0.1uF
Added Member To Class: ClassName=5V_Buck Member=Component C5 0.1uF
Added Member To Class: ClassName=5V_Buck Member=Component C6 0.1uF
Added Member To Class: ClassName=5V_Buck Member=Component C7 1uF
Added Member To Class: ClassName=5V_Buck Member=Component C8 Capacitor 10µF +/-20% 10V 0603
Added Member To Class: ClassName=5V_Buck Member=Component C10 0.1uF
Added Member To Class: ClassName=5V_Buck Member=Component C11 0.1uF
Added Member To Class: ClassName=5V_Buck Member=Component C12 Capacitor 10µF +/-20% 10V 0603
Added Member To Class: ClassName=5V_Buck Member=Component C19 1uF
Added Member To Class: ClassName=3V3_Buck Member=Component C21 0.1uF
Added Member To Class: ClassName=3V3_Buck Member=Component C23 0.1uF
Added Member To Class: ClassName=3V3_Buck Member=Component C24 Capacitor 10µF +/-20% 10V 0603
Added Member To Class: ClassName=3V3_Buck Member=Component C25 1uF
Added Member To Class: ClassName=3V3_Buck Member=Component C26 0.1uF
Added Member To Class: ClassName=3V3_Buck Member=Component C27 1uF
Added Member To Class: ClassName=3V3_Buck Member=Component C28 0.1uF
Added Member To Class: ClassName=3V3_Buck Member=Component C29 Capacitor 10µF +/-20% 10V 0603
Added Member To Class: ClassName=STM32 Member=Component C75 CC0201KRX5R5BB105
Added Member To Class: ClassName=STM32 Member=Component C76 CC0201KRX5R5BB105
Added Member To Class: ClassName=5VPrimary Member=Component C77 C0805C184K5RACTU
Added Member To Class: ClassName=5VPrimary Member=Component C78 Capacitor 1 uF +/- 10% 25 V 0603
Added Member To Class: ClassName=5VPrimary Member=Component C79 Capacitor 1uF +/- 10% 16V 0603
Added Member To Class: ClassName=5VSecondary Member=Component C80 C0805C184K5RACTU
Added Member To Class: ClassName=5VSecondary Member=Component C81 Capacitor 1 uF +/- 10% 25 V 0603
Added Member To Class: ClassName=5VSecondary Member=Component C82 Capacitor 1uF +/- 10% 16V 0603
Added Member To Class: ClassName=3V3Primary Member=Component C83 C0805C184K5RACTU
Added Member To Class: ClassName=3V3Primary Member=Component C84 Capacitor 1 uF +/- 10% 25 V 0603
Added Member To Class: ClassName=3V3Primary Member=Component C85 Capacitor 1uF +/- 10% 16V 0603
Added Member To Class: ClassName=3V3Secondary Member=Component C86 C0805C184K5RACTU
Added Member To Class: ClassName=3V3Secondary Member=Component C87 Capacitor 1 uF +/- 10% 25 V 0603
Added Member To Class: ClassName=3V3Secondary Member=Component C88 Capacitor 1uF +/- 10% 16V 0603
Added Member To Class: ClassName=VBATTPrimary Member=Component C89 C0805C184K5RACTU
Added Member To Class: ClassName=VBATTPrimary Member=Component C90 Capacitor 1 uF +/- 10% 25 V 0603
Added Member To Class: ClassName=VBATTPrimary Member=Component C91 Capacitor 1uF +/- 10% 16V 0603
Added Member To Class: ClassName=VBATTSecondary Member=Component C92 C0805C184K5RACTU
Added Member To Class: ClassName=VBATTSecondary Member=Component C93 Capacitor 1 uF +/- 10% 25 V 0603
Added Member To Class: ClassName=VBATTSecondary Member=Component C94 Capacitor 1uF +/- 10% 16V 0603
Added Member To Class: ClassName=WatchDog Member=Component C95 Capacitor 2,2µF +/-20% 10V 0402
Added Member To Class: ClassName=WatchDog Member=Component C96 Capacitor 1µF +/-40% 50V 0603
Added Member To Class: ClassName=WatchDog Member=Component C97 Capacitor 2,2µF +/-20% 10V 0402
Added Member To Class: ClassName=WatchDog Member=Component C98 Capacitor 1µF +/-40% 50V 0603
Added Member To Class: ClassName=STM32 Member=Component C99 Capacitor 1 uF +/- 10% 16 V 0603
Added Member To Class: ClassName=STM32 Member=Component C100 0.1uF
Added Member To Class: ClassName=STM32 Member=Component C101 0.1uF
Added Member To Class: ClassName=STM32 Member=Component C102 0.1uF
Added Member To Class: ClassName=STM32 Member=Component C103 GRM0335C1E100JA01D
Added Member To Class: ClassName=STM32 Member=Component C104 GRM0335C1E100JA01D
Added Member To Class: ClassName=5V_Buck Member=Component D1 1N914BWT
Added Member To Class: ClassName=5V_Buck Member=Component D2 MBR0530
Added Member To Class: ClassName=5V_Buck Member=Component D3 1N914BWT
Added Member To Class: ClassName=5V_Buck Member=Component D4 MBR0530
Added Member To Class: ClassName=3V3_Buck Member=Component D5 1N914BWT
Added Member To Class: ClassName=3V3_Buck Member=Component D6 MBR0530
Added Member To Class: ClassName=3V3_Buck Member=Component D7 1N914BWT
Added Member To Class: ClassName=3V3_Buck Member=Component D8 MBR0530
Added Member To Class: ClassName=TVS_Diodes Member=Component D38 MM3Z3V6T1G
Added Member To Class: ClassName=TVS_Diodes Member=Component D41 MM3Z3V6T1G
Added Member To Class: ClassName=TVS_Diodes Member=Component D47 MM3Z3V6T1G
Added Member To Class: ClassName=TVS_Diodes Member=Component D50 MM3Z3V6T1G
Added Member To Class: ClassName=5V_Buck Member=Component D52 1N914BWT
Added Member To Class: ClassName=5V_Buck Member=Component D53 1N914BWT
Added Member To Class: ClassName=3V3_Buck Member=Component D54 1N914BWT
Added Member To Class: ClassName=3V3_Buck Member=Component D55 1N914BWT
Added Member To Class: ClassName=5VPrimary Member=Component D56 MM3Z3V6T1G
Added Member To Class: ClassName=5VSecondary Member=Component D57 MM3Z3V6T1G
Added Member To Class: ClassName=3V3Primary Member=Component D58 MM3Z3V6T1G
Added Member To Class: ClassName=3V3Secondary Member=Component D59 MM3Z3V6T1G
Added Member To Class: ClassName=VBATTPrimary Member=Component D60 MM3Z3V6T1G
Added Member To Class: ClassName=VBATTSecondary Member=Component D61 MM3Z3V6T1G
Added Member To Class: ClassName=STM32 Member=Component D63 1N4148WX-TP
Added Member To Class: ClassName=STM32 Member=Component D64 1N4148WX-TP
Added Member To Class: ClassName=PC104 Member=Component J5 FTSH-105-01-L-DV-K-P-TR
Added Member To Class: ClassName=5V_Buck Member=Component L1 15uH
Added Member To Class: ClassName=5V_Buck Member=Component L2 15uH
Added Member To Class: ClassName=3V3_Buck Member=Component L3 PA4547.103NLT
Added Member To Class: ClassName=3V3_Buck Member=Component L4 PA4547.103NLT
Added Member To Class: ClassName=PC104 Member=Component P1 22-28-4036
Added Member To Class: ClassName=5VPrimary Member=Component Q13 SI7164DP-T1-GE3
Added Member To Class: ClassName=5VPrimary Member=Component Q14 SI5418DU-T1-GE3
Added Member To Class: ClassName=5VSecondary Member=Component Q15 SI7164DP-T1-GE3
Added Member To Class: ClassName=5VSecondary Member=Component Q16 SI5418DU-T1-GE3
Added Member To Class: ClassName=3V3Primary Member=Component Q17 SI7164DP-T1-GE3
Added Member To Class: ClassName=3V3Primary Member=Component Q18 SI5418DU-T1-GE3
Added Member To Class: ClassName=3V3Secondary Member=Component Q19 SI7164DP-T1-GE3
Added Member To Class: ClassName=3V3Secondary Member=Component Q20 SI5418DU-T1-GE3
Added Member To Class: ClassName=VBATTPrimary Member=Component Q21 SI7164DP-T1-GE3
Added Member To Class: ClassName=VBATTPrimary Member=Component Q22 SI5418DU-T1-GE3
Added Member To Class: ClassName=VBATTSecondary Member=Component Q23 SI7164DP-T1-GE3
Added Member To Class: ClassName=VBATTSecondary Member=Component Q24 SI5418DU-T1-GE3
Added Member To Class: ClassName=5V_Buck Member=Component R9 35.7k
Added Member To Class: ClassName=5V_Buck Member=Component R11 10k
Added Member To Class: ClassName=5V_Buck Member=Component R12 35.7k
Added Member To Class: ClassName=5V_Buck Member=Component R26 10k
Added Member To Class: ClassName=3V3_Buck Member=Component R28 22.1k
Added Member To Class: ClassName=3V3_Buck Member=Component R29 10k
Added Member To Class: ClassName=3V3_Buck Member=Component R34 22.1k
Added Member To Class: ClassName=STM32 Member=Component R40 1.1k
Added Member To Class: ClassName=STM32 Member=Component R41 3KR2F
Added Member To Class: ClassName=3V3_Buck Member=Component R44 10k
Added Member To Class: ClassName=5VPrimary Member=Component R80 768KR2F
Added Member To Class: ClassName=5VPrimary Member=Component R81 CRCW12067K50FKEA
Added Member To Class: ClassName=5VPrimary Member=Component R82 PTN0603E8002BST1
Added Member To Class: ClassName=5VPrimary Member=Component R83 RT1206FRE07150KL
Added Member To Class: ClassName=5VPrimary Member=Component R84 CSR1206FK25L0
Added Member To Class: ClassName=5VPrimary Member=Component R86 Resistor 10R  +/-1 % 0402 63 mW
Added Member To Class: ClassName=5VPrimary Member=Component R87 Resistor 10R  +/-1 % 0402 63 mW
Added Member To Class: ClassName=5VPrimary Member=Component R88 CRCW12103K30JNEA
Added Member To Class: ClassName=5VPrimary Member=Component R89 CRCW12103K30JNEA
Added Member To Class: ClassName=5VSecondary Member=Component R90 768KR2F
Added Member To Class: ClassName=5VSecondary Member=Component R91 CRCW12067K50FKEA
Added Member To Class: ClassName=5VSecondary Member=Component R92 PTN0603E8002BST1
Added Member To Class: ClassName=5VSecondary Member=Component R93 RT1206FRE07150KL
Added Member To Class: ClassName=5VSecondary Member=Component R94 CSR1206FK25L0
Added Member To Class: ClassName=5VSecondary Member=Component R95 Resistor 10R  +/-1 % 0402 63 mW
Added Member To Class: ClassName=5VSecondary Member=Component R96 Resistor 10R  +/-1 % 0402 63 mW
Added Member To Class: ClassName=5VSecondary Member=Component R97 CRCW12103K30JNEA
Added Member To Class: ClassName=5VSecondary Member=Component R98 CRCW12103K30JNEA
Added Member To Class: ClassName=3V3Primary Member=Component R99 CR0805-FX-7323ELF
Added Member To Class: ClassName=3V3Primary Member=Component R100 Resistor 10k +/-1% 0402 100 mW
Added Member To Class: ClassName=3V3Primary Member=Component R101 RC0402FR-0760K4L
Added Member To Class: ClassName=3V3Primary Member=Component R102 ESR01MZPJ224
Added Member To Class: ClassName=3V3Primary Member=Component R103 CSR1206FK25L0
Added Member To Class: ClassName=3V3Primary Member=Component R104 Resistor 10R  +/-1 % 0402 63 mW
Added Member To Class: ClassName=3V3Primary Member=Component R105 Resistor 10R  +/-1 % 0402 63 mW
Added Member To Class: ClassName=3V3Primary Member=Component R106 CRCW12103K30JNEA
Added Member To Class: ClassName=3V3Primary Member=Component R107 CRCW12103K30JNEA
Added Member To Class: ClassName=3V3Secondary Member=Component R108 CR0805-FX-7323ELF
Added Member To Class: ClassName=3V3Secondary Member=Component R109 Resistor 10k +/-1% 0402 100 mW
Added Member To Class: ClassName=3V3Secondary Member=Component R110 RC0402FR-0760K4L
Added Member To Class: ClassName=3V3Secondary Member=Component R111 ESR01MZPJ224
Added Member To Class: ClassName=3V3Secondary Member=Component R112 CSR1206FK25L0
Added Member To Class: ClassName=3V3Secondary Member=Component R113 Resistor 10R  +/-1 % 0402 63 mW
Added Member To Class: ClassName=3V3Secondary Member=Component R114 Resistor 10R  +/-1 % 0402 63 mW
Added Member To Class: ClassName=3V3Secondary Member=Component R115 CRCW12103K30JNEA
Added Member To Class: ClassName=3V3Secondary Member=Component R116 CRCW12103K30JNEA
Added Member To Class: ClassName=VBATTPrimary Member=Component R117 MC0201L6F8663SE
Added Member To Class: ClassName=VBATTPrimary Member=Component R118 2D37KR2F
Added Member To Class: ClassName=VBATTPrimary Member=Component R119 CR0603-FX-3742ELF
Added Member To Class: ClassName=VBATTPrimary Member=Component R120 Resistor 100k +/-1% 0402 100 mW
Added Member To Class: ClassName=VBATTPrimary Member=Component R121 CSR1206FK25L0
Added Member To Class: ClassName=VBATTPrimary Member=Component R122 Resistor 10R  +/-1 % 0402 63 mW
Added Member To Class: ClassName=VBATTPrimary Member=Component R123 Resistor 10R  +/-1 % 0402 63 mW
Added Member To Class: ClassName=VBATTPrimary Member=Component R124 CRCW12103K30JNEA
Added Member To Class: ClassName=VBATTPrimary Member=Component R125 CRCW12103K30JNEA
Added Member To Class: ClassName=VBATTSecondary Member=Component R126 MC0201L6F8663SE
Added Member To Class: ClassName=VBATTSecondary Member=Component R127 2D37KR2F
Added Member To Class: ClassName=VBATTSecondary Member=Component R128 CR0603-FX-3742ELF
Added Member To Class: ClassName=VBATTSecondary Member=Component R129 Resistor 100k +/-1% 0402 100 mW
Added Member To Class: ClassName=VBATTSecondary Member=Component R130 CSR1206FK25L0
Added Member To Class: ClassName=VBATTSecondary Member=Component R131 Resistor 10R  +/-1 % 0402 63 mW
Added Member To Class: ClassName=VBATTSecondary Member=Component R132 Resistor 10R  +/-1 % 0402 63 mW
Added Member To Class: ClassName=VBATTSecondary Member=Component R133 CRCW12103K30JNEA
Added Member To Class: ClassName=VBATTSecondary Member=Component R134 CRCW12103K30JNEA
Added Member To Class: ClassName=WatchDog Member=Component R135 1KR5J
Added Member To Class: ClassName=WatchDog Member=Component R136 1KR5J
Added Member To Class: ClassName=STM32 Member=Component R137 Resistor 100k +/-1% 1206 250 mW
Added Member To Class: ClassName=STM32 Member=Component R138 Resistor 10k +/-1% 0603 100 mW
Added Member To Class: ClassName=PC104 Member=Component RLED1 150
Added Member To Class: ClassName=PC104 Member=Component RLED2 150
Added Member To Class: ClassName=PC104 Member=Component RLED3 240
Added Member To Class: ClassName=PC104 Member=Component RLED4 240
Added Member To Class: ClassName=PC104 Member=Component RLED5 430
Added Member To Class: ClassName=PC104 Member=Component RLED6 430
Added Member To Class: ClassName=WatchDog Member=Component SW1 B3U-1000P
Added Member To Class: ClassName=WatchDog Member=Component SW2 B3U-1000P
Added Member To Class: ClassName=PC104 Member=Component SW3 TS04-66-43-BK-100-SMT
Added Member To Class: ClassName=STM32 Member=Component U1 STM32F103RET6
Added Member To Class: ClassName=5V_Buck Member=Component U2 LT1616ES6#TRMPBF
Added Member To Class: ClassName=5V_Buck Member=Component U3 LT1616ES6#TRMPBF
Added Member To Class: ClassName=3V3_Buck Member=Component U7 LT1616ES6#TRMPBF
Added Member To Class: ClassName=3V3_Buck Member=Component U8 LT1616ES6#TRMPBF
Added Member To Class: ClassName=STM32 Member=Component U18 LP5907SNX-3.3
Added Member To Class: ClassName=5VPrimary Member=Component U22 LTC4231IUD-2#TRPBF
Added Member To Class: ClassName=5VPrimary Member=Component U23 INA219AIDCNR
Added Member To Class: ClassName=5VSecondary Member=Component U24 LTC4231IUD-2#TRPBF
Added Member To Class: ClassName=5VSecondary Member=Component U25 INA219AIDCNR
Added Member To Class: ClassName=3V3Primary Member=Component U26 LTC4231IUD-2#TRPBF
Added Member To Class: ClassName=3V3Primary Member=Component U27 INA219AIDCNR
Added Member To Class: ClassName=3V3Secondary Member=Component U28 LTC4231IUD-2#TRPBF
Added Member To Class: ClassName=3V3Secondary Member=Component U29 INA219AIDCNR
Added Member To Class: ClassName=VBATTPrimary Member=Component U30 LTC4231IUD-2#TRPBF
Added Member To Class: ClassName=VBATTPrimary Member=Component U31 INA219AIDCNR
Added Member To Class: ClassName=VBATTSecondary Member=Component U32 LTC4231IUD-2#TRPBF
Added Member To Class: ClassName=VBATTSecondary Member=Component U33 INA219AIDCNR
Added Member To Class: ClassName=WatchDog Member=Component U34 MAX6746KA29+T
Added Member To Class: ClassName=WatchDog Member=Component U35 MAX6746KA29+T
Added Member To Class: ClassName=WatchDog Member=Component U36 SN74AUP1G08QDCKRQ1
Added Member To Class: ClassName=WatchDog Member=Component U37 SN74AUP1G08QDCKRQ1
Added Member To Class: ClassName=STM32 Member=Component U38 LTC4304CMS#PBF
Added Member To Class: ClassName=STM32 Member=Component U39 74AC14MTCX
Added Member To Class: ClassName=MemoryLatch Member=Component U40 SN74LVC1G373DCKR
Added Member To Class: ClassName=PC104 Member=Component VBATTP TPAD6R
Added Member To Class: ClassName=PC104 Member=Component VBATTS TPAD6R
Added Member To Class: ClassName=PC104 Member=Component VBATT TPAD6R
Added Member To Class: ClassName=PC104 Member=Component VBP HSMS-C150
Added Member To Class: ClassName=PC104 Member=Component VBS HSMS-C150
Added Member To Class: ClassName=STM32 Member=Component Y1 ABS07-166-32.768KHZ-T
