Add Net: Net with name "3V3_EnableS" already exists
Add Net: Net with name "3V3_Primary" already exists
Add Net: Net with name "3V3_Primary" already exists
Add Net: Net with name "3V3_Secondary" already exists
Add Net: Net with name "3V3_Secondary" already exists
Add Net: Net with name "3V3_Secondary" already exists
Add Net: Net with name "3V3" already exists
Add Net: Net with name "3V3" already exists
Add Net: Net with name "3V3" already exists
Add Net: Net with name "3V3" already exists
Add Net: Net with name "3V3" already exists
Add Net: Net with name "3V3" already exists
Add Net: Net with name "3V3" already exists
Add Net: Net with name "3V3" already exists
Add Net: Net with name "3V3" already exists
Add Net: Net with name "3V3" already exists
Add Net: Net with name "5V_EnableS" already exists
Add Net: Net with name "5V_Primary" already exists
Add Net: Net with name "5V_Primary" already exists
Add Net: Net with name "5V_Secondary" already exists
Add Net: Net with name "5V_Secondary" already exists
Add Net: Net with name "5V" already exists
Add Net: Net with name "5V" already exists
Add Net: Net with name "5V" already exists
Add Net: Net with name "B.5" already exists
Add Net: Net with name "Boot0" already exists
Add Net: Net with name "BWE0" already exists
Add Net: Net with name "NRST" already exists
Add Net: Net with name "OBC_RST" already exists
Add Net: Net with name "OBC_WD" already exists
Add Net: Net with name "RS-485A" already exists
Add Net: Net with name "RS-485B" already exists
Add Net: Net with name "SCL" already exists
Add Net: Net with name "SCL" already exists
Add Net: Net with name "SCL" already exists
Add Net: Net with name "SCL" already exists
Add Net: Net with name "SCL" already exists
Add Net: Net with name "SCL" already exists
Add Net: Net with name "SCL" already exists
Add Net: Net with name "SCL" already exists
Add Net: Net with name "SDA" already exists
Add Net: Net with name "SDA" already exists
Add Net: Net with name "SDA" already exists
Add Net: Net with name "SDA" already exists
Add Net: Net with name "SDA" already exists
Add Net: Net with name "SDA" already exists
Add Net: Net with name "SDA" already exists
Add Net: Net with name "SDA" already exists
Add Net: Net with name "StartupRead" already exists
Add Net: Net with name "StartupWrite" already exists
Add Net: Net with name "SWCLK" already exists
Add Net: Net with name "SWDIO" already exists
Add Net: Net with name "TEMP_TELEM_2" already exists
Add Net: Net with name "TEMP_TELEM" already exists
Add Net: Net with name "UART_RX" already exists
Add Net: Net with name "UART_TX" already exists
Add Net: Net with name "VBatt_EnableP" already exists
Add Net: Net with name "VBatt_EnableS" already exists
Add Net: Net with name "VBatt_Primary" already exists
Add Net: Net with name "VBatt_Primary" already exists
Add Net: Net with name "VBatt_Secondary" already exists
Add Net: Net with name "VBatt_Secondary" already exists
Add Net: Net with name "VBATT" already exists
Add Net: Net with name "VBATT" already exists
Add Net: Net with name "VBATT" already exists
Add Net: Net with name "VBATT" already exists
Added Member To Class: ClassName=PC104 Member=Component 3V3P TPAD6R
Added Member To Class: ClassName=PC104 Member=Component 3V3S TPAD6R
Added Member To Class: ClassName=PC104 Member=Component 5VP TPAD6R
Added Member To Class: ClassName=PC104 Member=Component 5VS TPAD6R
