Removed Pin From Net: NetName=3V3_Primary Pin=C2-1
Removed Pin From Net: NetName=VBatt_Primary Pin=C4-1
Removed Pin From Net: NetName=5V Pin=C6-1
Removed Pin From Net: NetName=5V Pin=C11-1
Removed Pin From Net: NetName=3V3 Pin=C23-1
Removed Pin From Net: NetName=VBATT Pin=C25-1
Removed Pin From Net: NetName=VBATT Pin=C27-1
Removed Pin From Net: NetName=3V3 Pin=C28-1
Removed Pin From Net: NetName=3V3_Primary Pin=C75-1
Removed Pin From Net: NetName=3V3 Pin=C79-1
Removed Pin From Net: NetName=3V3 Pin=C82-1
Removed Pin From Net: NetName=3V3 Pin=C85-1
Removed Pin From Net: NetName=3V3 Pin=C91-1
Removed Pin From Net: NetName=3V3 Pin=C94-1
Removed Pin From Net: NetName=5V_Secondary Pin=C101-1
Removed Pin From Net: NetName=VBatt_Secondary Pin=C102-1
Removed Pin From Net: NetName=5V Pin=D52-1
Removed Pin From Net: NetName=5V Pin=D53-1
Removed Pin From Net: NetName=3V3 Pin=D54-1
Removed Pin From Net: NetName=3V3 Pin=D55-1
Removed Pin From Net: NetName=SDA Pin=H1-37
Removed Pin From Net: NetName=SCL Pin=H1-40
Removed Pin From Net: NetName=5V_Primary Pin=H2-23
Removed Pin From Net: NetName=5V_Primary Pin=H2-24
Removed Pin From Net: NetName=5V_Secondary Pin=H2-25
Removed Pin From Net: NetName=5V_Secondary Pin=H2-26
Removed Pin From Net: NetName=3V3_Secondary Pin=H2-27
Removed Pin From Net: NetName=3V3_Secondary Pin=H2-28
Removed Pin From Net: NetName=3V3_Primary Pin=H2-33
Removed Pin From Net: NetName=3V3_Primary Pin=H2-34
Removed Pin From Net: NetName=VBatt_Primary Pin=H2-41
Removed Pin From Net: NetName=VBatt_Primary Pin=H2-42
Removed Pin From Net: NetName=VBatt_Secondary Pin=H2-43
Removed Pin From Net: NetName=VBatt_Secondary Pin=H2-44
Removed Pin From Net: NetName=VBATT Pin=H2-49
Removed Pin From Net: NetName=VBATT Pin=H2-50
Removed Pin From Net: NetName=B.5 Pin=R40-1
Removed Pin From Net: NetName=3V3 Pin=R88-1
Removed Pin From Net: NetName=SCL Pin=R88-2
Removed Pin From Net: NetName=3V3 Pin=R89-1
Removed Pin From Net: NetName=SDA Pin=R89-2
Removed Pin From Net: NetName=5V Pin=R90-1
Removed Pin From Net: NetName=5V Pin=R94-1
Removed Pin From Net: NetName=5V Pin=R95-1
Removed Pin From Net: NetName=3V3 Pin=R97-1
Removed Pin From Net: NetName=SCL Pin=R97-2
Removed Pin From Net: NetName=3V3 Pin=R98-1
Removed Pin From Net: NetName=SDA Pin=R98-2
Removed Pin From Net: NetName=3V3 Pin=R99-1
Removed Pin From Net: NetName=3V3 Pin=R103-1
Removed Pin From Net: NetName=3V3 Pin=R104-1
Removed Pin From Net: NetName=3V3 Pin=R106-1
Removed Pin From Net: NetName=3V3 Pin=R107-1
Removed Pin From Net: NetName=SCL Pin=R115-2
Removed Pin From Net: NetName=SDA Pin=R116-2
Removed Pin From Net: NetName=VBATT Pin=R117-1
Removed Pin From Net: NetName=VBATT Pin=R121-1
Removed Pin From Net: NetName=VBATT Pin=R122-1
Removed Pin From Net: NetName=3V3 Pin=R124-1
Removed Pin From Net: NetName=SCL Pin=R124-2
Removed Pin From Net: NetName=3V3 Pin=R125-1
Removed Pin From Net: NetName=SDA Pin=R125-2
Removed Pin From Net: NetName=VBATT Pin=R126-1
Removed Pin From Net: NetName=VBATT Pin=R130-1
Removed Pin From Net: NetName=VBATT Pin=R131-1
Removed Pin From Net: NetName=3V3 Pin=R133-1
Removed Pin From Net: NetName=SCL Pin=R133-2
Removed Pin From Net: NetName=3V3 Pin=R134-1
Removed Pin From Net: NetName=SDA Pin=R134-2
Removed Pin From Net: NetName=3V3 Pin=R137-1
Removed Pin From Net: NetName=3V3 Pin=R138-1
Removed Pin From Net: NetName=NRST Pin=U1-7
Removed Pin From Net: NetName=BWE0 Pin=U1-15
Removed Pin From Net: NetName=VBatt_EnableP Pin=U1-22
Removed Pin From Net: NetName=TEMP_TELEM Pin=U1-27
Removed Pin From Net: NetName=TEMP_TELEM_2 Pin=U1-33
Removed Pin From Net: NetName=OBC_WD Pin=U1-37
Removed Pin From Net: NetName=OBC_RST Pin=U1-38
Removed Pin From Net: NetName=UART_TX Pin=U1-51
Removed Pin From Net: NetName=UART_RX Pin=U1-52
Removed Pin From Net: NetName=Boot0 Pin=U1-60
Removed Pin From Net: NetName=VBATT Pin=U7-4
Removed Pin From Net: NetName=VBATT Pin=U7-5
Removed Pin From Net: NetName=VBATT Pin=U8-4
Removed Pin From Net: NetName=VBATT Pin=U8-5
Removed Pin From Net: NetName=3V3_Primary Pin=U18-3
Removed Pin From Net: NetName=3V3_Primary Pin=U18-4
Removed Pin From Net: NetName=3V3 Pin=U23-4
Removed Pin From Net: NetName=SCL Pin=U23-5
Removed Pin From Net: NetName=SDA Pin=U23-6
Removed Pin From Net: NetName=5V Pin=U24-12
Removed Pin From Net: NetName=3V3 Pin=U25-4
Removed Pin From Net: NetName=SCL Pin=U25-5
Removed Pin From Net: NetName=SDA Pin=U25-6
Removed Pin From Net: NetName=3V3 Pin=U26-12
Removed Pin From Net: NetName=3V3 Pin=U27-4
Removed Pin From Net: NetName=SCL Pin=U29-5
Removed Pin From Net: NetName=SDA Pin=U29-6
Removed Pin From Net: NetName=VBATT Pin=U30-12
Removed Pin From Net: NetName=3V3 Pin=U31-4
Removed Pin From Net: NetName=SCL Pin=U31-5
Removed Pin From Net: NetName=SDA Pin=U31-6
Removed Pin From Net: NetName=VBATT Pin=U32-12
Removed Pin From Net: NetName=3V3 Pin=U33-4
Removed Pin From Net: NetName=SCL Pin=U33-5
Removed Pin From Net: NetName=SDA Pin=U33-6
Removed Pin From Net: NetName=SCL Pin=U38-2
Removed Pin From Net: NetName=SDA Pin=U38-9
Removed Pin From Net: NetName=3V3 Pin=U38-10
Removed Pin From Net: NetName=3V3_EnableS Pin=U39-4
Removed Pin From Net: NetName=5V_EnableS Pin=U39-6
Removed Pin From Net: NetName=VBatt_EnableS Pin=U39-10
Removed Pin From Net: NetName=3V3 Pin=U39-14
Removed Pin From Net: NetName=5V_Secondary Pin=U41-5
Change Component Designator: OldDesignator=3V3P NewDesignator=LED1
Change Component Designator: OldDesignator=3V3S NewDesignator=LED2
Change Component Designator: OldDesignator=5VP NewDesignator=LED3
Change Component Designator: OldDesignator=5VS NewDesignator=LED4
Change Component Designator: OldDesignator=VBP NewDesignator=LED5
Change Component Designator: OldDesignator=VBS NewDesignator=LED6
Added Pin To Net: NetName=NRST Pin=J5-2
Added Pin To Net: NetName=Boot0 Pin=P1-2
Change Net Name : Old Net Name=Net3V3P_2 New Net Name=NetLED1_2
Change Net Name : Old Net Name=Net3V3S_2 New Net Name=NetLED2_2
Change Net Name : Old Net Name=Net5VP_2 New Net Name=NetLED3_2
Change Net Name : Old Net Name=Net5VS_2 New Net Name=NetLED4_2
Change Net Name : Old Net Name=NetRLED5_1 New Net Name=NetLED5_2
Change Net Name : Old Net Name=NetRLED6_1 New Net Name=NetLED6_2
Add Net: Net with name "3V3_EnableS" already exists
Add Net: Net with name "3V3_Primary" already exists
Add Net: Net with name "3V3_Primary" already exists
Add Net: Net with name "3V3_Secondary" already exists
Add Net: Net with name "3V3_Secondary" already exists
Add Net: Net with name "3V3_Secondary" already exists
Add Net: Net with name "3V3" already exists
Add Net: Net with name "3V3" already exists
Add Net: Net with name "3V3" already exists
Add Net: Net with name "3V3" already exists
Add Net: Net with name "3V3" already exists
Add Net: Net with name "3V3" already exists
Add Net: Net with name "3V3" already exists
Add Net: Net with name "3V3" already exists
Add Net: Net with name "3V3" already exists
Add Net: Net with name "5V_EnableS" already exists
Add Net: Net with name "5V_Primary" already exists
Add Net: Net with name "5V_Primary" already exists
Add Net: Net with name "5V_Secondary" already exists
Add Net: Net with name "5V_Secondary" already exists
Add Net: Net with name "5V" already exists
Add Net: Net with name "5V" already exists
Add Net: Net with name "5V" already exists
Add Net: Net with name "B.5" already exists
Add Net: Net with name "Boot0" already exists
Add Net: Net with name "BWE0" already exists
Added Pin To Net: NetName=NetH2_45 Pin=H2-45
Added Pin To Net: NetName=NetH2_45 Pin=H2-46
Added Net: Name=NetH2_45
Add Net: Net with name "NRST" already exists
Add Net: Net with name "OBC_RST" already exists
Add Net: Net with name "OBC_WD" already exists
Add Net: Net with name "RS-485A" already exists
Add Net: Net with name "RS-485B" already exists
Add Net: Net with name "SCL" already exists
Add Net: Net with name "SCL" already exists
Add Net: Net with name "SCL" already exists
Add Net: Net with name "SCL" already exists
Add Net: Net with name "SCL" already exists
Add Net: Net with name "SCL" already exists
Add Net: Net with name "SCL" already exists
Add Net: Net with name "SDA" already exists
Add Net: Net with name "SDA" already exists
Add Net: Net with name "SDA" already exists
Add Net: Net with name "SDA" already exists
Add Net: Net with name "SDA" already exists
Add Net: Net with name "SDA" already exists
Add Net: Net with name "SDA" already exists
Add Net: Net with name "StartupRead" already exists
Add Net: Net with name "StartupWrite" already exists
Add Net: Net with name "SWCLK" already exists
Add Net: Net with name "SWDIO" already exists
Add Net: Net with name "TEMP_TELEM_2" already exists
Add Net: Net with name "TEMP_TELEM" already exists
Add Net: Net with name "UART_RX" already exists
Add Net: Net with name "UART_TX" already exists
Add Net: Net with name "VBatt_EnableP" already exists
Add Net: Net with name "VBatt_EnableS" already exists
Add Net: Net with name "VBatt_Primary" already exists
Add Net: Net with name "VBatt_Primary" already exists
Add Net: Net with name "VBatt_Secondary" already exists
Add Net: Net with name "VBatt_Secondary" already exists
Add Net: Net with name "VBATT" already exists
Add Net: Net with name "VBATT" already exists
Add Net: Net with name "VBATT" already exists
Add Net: Net with name "VBATT" already exists
Added Member To Class: ClassName=PC104 Member=Component LED1 HSMS-C150
Added Member To Class: ClassName=PC104 Member=Component LED2 HSMS-C150
Added Member To Class: ClassName=PC104 Member=Component LED3 HSMS-C150
Added Member To Class: ClassName=PC104 Member=Component LED4 HSMS-C150
